LVM {Logical Volume }

Requirement :- limitation of standard partitions & solution to rectify 



disk1[/dev/sda]  ----> two partitions                                ----> we don't have free space in disk for new partitions
                       [i . /dev/sda1 ---> /boot  ---> ext3
                        ii. /dev/sda2 ---> /      ---> ext4 ]



disk2[/dev/sdb]  ----->  two partitions                              ------> Free space is availble
                       [i. /dev/sdb1 ---> /home --->ext4
                        ii. /dev/sdb2 ---> /srv ---> xfs ]


1. we have requirement to extend root fs . It's not possible as free space is not availble  in /dev/sda disk

   a. need to take backup
   b. delete partitions
   c. create new partition with larger size
 [ It's required downtime . not possible on the go ]

Note:- data corruption also possible


Solution:- to enlarge space we use LVM

a. LVM snapshot ---> data backup and restore
b. LVM migrate  ---> we can merge LVMs, VOlume groups
c. one disk to  another disk LVM migration
d. we can add fully disk to another server


Disk1[/dev/sda] ----> two partitions
                      i. /dev/sda1   -----> PV1 [physical volume]
                      ii./dev/sda2   -----> PV2

Disk1[/dev/sdb] ----> two partitions                                      ---> PV1 + PV2 + PV3 =VG1 [volume group]   ----> /home [LVM1] [ext4]
                      i. /dev/sdb1   -----> PV3 [physical volume]                                                          /srv/ [LVM2] [xfs]
                      ii./dev/sdb2   -----> PV4

Disk1[/dev/sdc] ----> one partition                                      ----> PV4 + PV5 = VG2 [volume group ]      -----> /data [LVM3] [xfs]
                      i. /dev/sdc1   -----> PV5 [physical volume]
                      



pvdisplay---> indepth  information

====================================================================================================================


[root@localhost ~]# lsblk
NAME          MAJ:MIN RM  SIZE RO TYPE MOUNTPOINT
sdb             8:16   0    5G  0 disk 
sdc             8:32   0   10G  0 disk 
sr0            11:0    1 1024M  0 rom  
nvme0n1       259:0    0   30G  0 disk 
├─nvme0n1p1   259:1    0    1G  0 part /boot
└─nvme0n1p2   259:2    0   29G  0 part 
  ├─rhel-root 253:0    0   26G  0 lvm  /
  └─rhel-swap 253:1    0    3G  0 lvm  [SWAP]
[root@localhost ~]# fdisk -l /dev/sdc 
Disk /dev/sdc: 10 GiB, 10737418240 bytes, 20971520 sectors
Units: sectors of 1 * 512 = 512 bytes
Sector size (logical/physical): 512 bytes / 512 bytes
I/O size (minimum/optimal): 512 bytes / 512 bytes
[root@localhost ~]# fdisk /dev/sda

Welcome to fdisk (util-linux 2.32.1).
Changes will remain in memory only, until you decide to write them.
Be careful before using the write command.

fdisk: cannot open /dev/sda: No such file or directory
[root@localhost ~]# fdisk /dev/sdc

Welcome to fdisk (util-linux 2.32.1).
Changes will remain in memory only, until you decide to write them.
Be careful before using the write command.

Device does not contain a recognized partition table.
Created a new DOS disklabel with disk identifier 0x73bef055.

Command (m for help): n
Partition type
   p   primary (0 primary, 0 extended, 4 free)
   e   extended (container for logical partitions)
Select (default p): 

Using default response p.
Partition number (1-4, default 1): 
First sector (2048-20971519, default 2048): 
Last sector, +sectors or +size{K,M,G,T,P} (2048-20971519, default 20971519): +2G

Created a new partition 1 of type 'Linux' and of size 2 GiB.

Command (m for help): t
Selected partition 1
Hex code (type L to list all codes): L

 0  Empty           24  NEC DOS         81  Minix / old Lin bf  Solaris        
 1  FAT12           27  Hidden NTFS Win 82  Linux swap / So c1  DRDOS/sec (FAT-
 2  XENIX root      39  Plan 9          83  Linux           c4  DRDOS/sec (FAT-
 3  XENIX usr       3c  PartitionMagic  84  OS/2 hidden or  c6  DRDOS/sec (FAT-
 4  FAT16 <32M      40  Venix 80286     85  Linux extended  c7  Syrinx         
 5  Extended        41  PPC PReP Boot   86  NTFS volume set da  Non-FS data    
 6  FAT16           42  SFS             87  NTFS volume set db  CP/M / CTOS / .
 7  HPFS/NTFS/exFAT 4d  QNX4.x          88  Linux plaintext de  Dell Utility   
 8  AIX             4e  QNX4.x 2nd part 8e  Linux LVM       df  BootIt         
 9  AIX bootable    4f  QNX4.x 3rd part 93  Amoeba          e1  DOS access     
 a  OS/2 Boot Manag 50  OnTrack DM      94  Amoeba BBT      e3  DOS R/O        
 b  W95 FAT32       51  OnTrack DM6 Aux 9f  BSD/OS          e4  SpeedStor      
 c  W95 FAT32 (LBA) 52  CP/M            a0  IBM Thinkpad hi ea  Rufus alignment
 e  W95 FAT16 (LBA) 53  OnTrack DM6 Aux a5  FreeBSD         eb  BeOS fs        
 f  W95 Ext'd (LBA) 54  OnTrackDM6      a6  OpenBSD         ee  GPT            
10  OPUS            55  EZ-Drive        a7  NeXTSTEP        ef  EFI (FAT-12/16/
11  Hidden FAT12    56  Golden Bow      a8  Darwin UFS      f0  Linux/PA-RISC b
12  Compaq diagnost 5c  Priam Edisk     a9  NetBSD          f1  SpeedStor      
14  Hidden FAT16 <3 61  SpeedStor       ab  Darwin boot     f4  SpeedStor      
16  Hidden FAT16    63  GNU HURD or Sys af  HFS / HFS+      f2  DOS secondary  
17  Hidden HPFS/NTF 64  Novell Netware  b7  BSDI fs         fb  VMware VMFS    
18  AST SmartSleep  65  Novell Netware  b8  BSDI swap       fc  VMware VMKCORE 
1b  Hidden W95 FAT3 70  DiskSecure Mult bb  Boot Wizard hid fd  Linux raid auto
1c  Hidden W95 FAT3 75  PC/IX           bc  Acronis FAT32 L fe  LANstep        
1e  Hidden W95 FAT1 80  Old Minix       be  Solaris boot    ff  BBT            
Hex code (type L to list all codes): 8e
Changed type of partition 'Linux' to 'Linux LVM'.

Command (m for help): n
Partition type
   p   primary (1 primary, 0 extended, 3 free)
   e   extended (container for logical partitions)
Select (default p): 

Using default response p.
Partition number (2-4, default 2): 
First sector (4196352-20971519, default 4196352): 
Last sector, +sectors or +size{K,M,G,T,P} (4196352-20971519, default 20971519): +3G

Created a new partition 2 of type 'Linux' and of size 3 GiB.

Command (m for help): w
The partition table has been altered.
Calling ioctl() to re-read partition table.
Syncing disks.

[root@localhost ~]# partprobe 
[root@localhost ~]# lsblk
NAME          MAJ:MIN RM  SIZE RO TYPE MOUNTPOINT
sdb             8:16   0    5G  0 disk 
sdc             8:32   0   10G  0 disk 
├─sdc1          8:33   0    2G  0 part 
└─sdc2          8:34   0    3G  0 part 
sr0            11:0    1 1024M  0 rom  
nvme0n1       259:0    0   30G  0 disk 
├─nvme0n1p1   259:1    0    1G  0 part /boot
└─nvme0n1p2   259:2    0   29G  0 part 
  ├─rhel-root 253:0    0   26G  0 lvm  /
  └─rhel-swap 253:1    0    3G  0 lvm  [SWAP]
[root@localhost ~]# pvs
  PV             VG   Fmt  Attr PSize   PFree
  /dev/nvme0n1p2 rhel lvm2 a--  <29.00g    0 
[root@localhost ~]# pvdisplay 
  --- Physical volume ---
  PV Name               /dev/nvme0n1p2
  VG Name               rhel
  PV Size               <29.00 GiB / not usable 3.00 MiB
  Allocatable           yes (but full)
  PE Size               4.00 MiB
  Total PE              7423
  Free PE               0
  Allocated PE          7423
  PV UUID               dABhiJ-ok8J-sz3b-O0ug-e6Oo-eoAy-4gEneB
   
[root@localhost ~]# pvcreate /dev/sda1
  Device /dev/sda1 not found.
[root@localhost ~]# pvcreate /dev/sdc1
  Physical volume "/dev/sdc1" successfully created.
[root@localhost ~]# pvdisplay /dev/sdc1 
  "/dev/sdc1" is a new physical volume of "2.00 GiB"
  --- NEW Physical volume ---
  PV Name               /dev/sdc1
  VG Name               
  PV Size               2.00 GiB
  Allocatable           NO
  PE Size               0   
  Total PE              0
  Free PE               0
  Allocated PE          0
  PV UUID               cgDHR8-crns-UUQ6-EjXK-3bMD-pHdR-LQPf8v
   
[root@localhost ~]# vgcreate LinuxVG /dev/sda1
  Device /dev/sda1 not found.
[root@localhost ~]# vgcreate LinuxVG /dev/sdc1
  Volume group "LinuxVG" successfully created
[root@localhost ~]# vgs
  VG      #PV #LV #SN Attr   VSize   VFree 
  LinuxVG   1   0   0 wz--n-  <2.00g <2.00g
  rhel      1   2   0 wz--n- <29.00g     0 
[root@localhost ~]# vgdisplay LinuxVG 
  --- Volume group ---
  VG Name               LinuxVG
  System ID             
  Format                lvm2
  Metadata Areas        1
  Metadata Sequence No  1
  VG Access             read/write
  VG Status             resizable
  MAX LV                0
  Cur LV                0
  Open LV               0
  Max PV                0
  Cur PV                1
  Act PV                1
  VG Size               <2.00 GiB
  PE Size               4.00 MiB
  Total PE              511
  Alloc PE / Size       0 / 0   
  Free  PE / Size       511 / <2.00 GiB
  VG UUID               2Ish23-swAe-VeXJ-7yYH-LAyp-AkO1-rUr9zS
   
[root@localhost ~]# lvcreate -L 3G -n LinuxLV LinuxVG
  Volume group "LinuxVG" has insufficient free space (511 extents): 768 required.
[root@localhost ~]# lvcreate -L 2000M -n LinuxLV LinuxVG
  Logical volume "LinuxLV" created.
[root@localhost ~]# lvs
  LV      VG      Attr       LSize   Pool Origin Data%  Meta%  Move Log Cpy%Sync Convert
  LinuxLV LinuxVG -wi-a-----   1.95g                                                    
  root    rhel    -wi-ao---- <26.00g                                                    
  swap    rhel    -wi-ao----   3.00g                                                    
[root@localhost ~]# lvdisplay LinuxLV
  Volume group "LinuxLV" not found
  Cannot process volume group LinuxLV
[root@localhost ~]# lvdisplay 
  --- Logical volume ---
  LV Path                /dev/LinuxVG/LinuxLV
  LV Name                LinuxLV
  VG Name                LinuxVG
  LV UUID                8waPjd-6Qo0-q8CL-U8sy-g2Wk-5pE9-oilsdi
  LV Write Access        read/write
  LV Creation host, time localhost.localdomain, 2024-04-17 07:35:03 -0400
  LV Status              available
  # open                 0
  LV Size                1.95 GiB
  Current LE             500
  Segments               1
  Allocation             inherit
  Read ahead sectors     auto
  - currently set to     8192
  Block device           253:2
   
  --- Logical volume ---
  LV Path                /dev/rhel/swap
  LV Name                swap
  VG Name                rhel
  LV UUID                b0I6fg-jOMQ-HMLn-3YWg-8KDG-ZVdT-XhkM4A
  LV Write Access        read/write
  LV Creation host, time localhost, 2024-04-09 17:45:45 -0400
  LV Status              available
  # open                 2
  LV Size                3.00 GiB
  Current LE             768
  Segments               1
  Allocation             inherit
  Read ahead sectors     auto
  - currently set to     8192
  Block device           253:1
   
  --- Logical volume ---
  LV Path                /dev/rhel/root
  LV Name                root
  VG Name                rhel
  LV UUID                PoekwG-hRem-k6eK-lCj0-se1j-rWRX-t4TuIE
  LV Write Access        read/write
  LV Creation host, time localhost, 2024-04-09 17:45:45 -0400
  LV Status              available
  # open                 1
  LV Size                <26.00 GiB
  Current LE             6655
  Segments               1
  Allocation             inherit
  Read ahead sectors     auto
  - currently set to     8192
  Block device           253:0
   
[root@localhost ~]# lsblk
NAME                MAJ:MIN RM  SIZE RO TYPE MOUNTPOINT
sdb                   8:16   0    5G  0 disk 
sdc                   8:32   0   10G  0 disk 
├─sdc1                8:33   0    2G  0 part 
│ └─LinuxVG-LinuxLV 253:2    0    2G  0 lvm  
└─sdc2                8:34   0    3G  0 part 
sr0                  11:0    1 1024M  0 rom  
nvme0n1             259:0    0   30G  0 disk 
├─nvme0n1p1         259:1    0    1G  0 part /boot
└─nvme0n1p2         259:2    0   29G  0 part 
  ├─rhel-root       253:0    0   26G  0 lvm  /
  └─rhel-swap       253:1    0    3G  0 lvm  [SWAP]
[root@localhost ~]# mkdir /testdir/
mkdir: cannot create directory ‘/testdir/’: File exists
[root@localhost ~]# mount /dev/LinuxVG/LinuxLV /testdir/
mount: /testdir: wrong fs type, bad option, bad superblock on /dev/mapper/LinuxVG-LinuxLV, missing codepage or helper program, or other error.
[root@localhost ~]# #need to format
[root@localhost ~]# mkfs.ext4 /dev/LinuxVG/LinuxLV /tesdir^C
[root@localhost ~]# #or
[root@localhost ~]# mkfs.ext4 /dev/mapper/LinuxVG-LinuxLV /testdir/
mke2fs 1.44.3 (10-July-2018)
mkfs.ext4: invalid blocks '/testdir/' on device '/dev/mapper/LinuxVG-LinuxLV'
[root@localhost ~]# blkid /dev/LinuxVG/LinuxLV
[root@localhost ~]# blkid /dev/mapper/LinuxVG-LinuxLV 
[root@localhost ~]# lsblk -f
NAME                FSTYPE      LABEL UUID                                   MOUNTPOINT
sdb                                                                          
sdc                                                                          
├─sdc1              LVM2_member       cgDHR8-crns-UUQ6-EjXK-3bMD-pHdR-LQPf8v 
│ └─LinuxVG-LinuxLV                                                          
└─sdc2                                                                       
sr0                                                                          
nvme0n1                                                                      
├─nvme0n1p1         xfs               56cad9d4-5f7a-485e-82d8-167c69e5df2d   /boot
└─nvme0n1p2         LVM2_member       dABhiJ-ok8J-sz3b-O0ug-e6Oo-eoAy-4gEneB 
  ├─rhel-root       xfs               f05892e1-5861-43e0-9673-7a6919be6874   /
  └─rhel-swap       swap              3633ed8b-1180-47d3-bf9b-b584302c8202   [SWAP]
[root@localhost ~]# mount /dev/mapper/LinuxVG-LinuxLV /testdir/
mount: /testdir: wrong fs type, bad option, bad superblock on /dev/mapper/LinuxVG-LinuxLV, missing codepage or helper program, or other error.
[root@localhost ~]# lsblk
NAME                MAJ:MIN RM  SIZE RO TYPE MOUNTPOINT
sdb                   8:16   0    5G  0 disk 
sdc                   8:32   0   10G  0 disk 
├─sdc1                8:33   0    2G  0 part 
│ └─LinuxVG-LinuxLV 253:2    0    2G  0 lvm  
└─sdc2                8:34   0    3G  0 part 
sr0                  11:0    1 1024M  0 rom  
nvme0n1             259:0    0   30G  0 disk 
├─nvme0n1p1         259:1    0    1G  0 part /boot
└─nvme0n1p2         259:2    0   29G  0 part 
  ├─rhel-root       253:0    0   26G  0 lvm  /
  └─rhel-swap       253:1    0    3G  0 lvm  [SWAP]
[root@localhost ~]# mkfs.ext4 /dev/mapper/LinuxVG-LinuxLV 
mke2fs 1.44.3 (10-July-2018)
Creating filesystem with 512000 4k blocks and 128000 inodes
Filesystem UUID: ea6e1061-eee1-4c27-981f-b5178cc9d6c4
Superblock backups stored on blocks: 
	32768, 98304, 163840, 229376, 294912

Allocating group tables: done                            
Writing inode tables: done                            
Creating journal (8192 blocks): done
Writing superblocks and filesystem accounting information: done 

[root@localhost ~]# mount /dev/mapper/LinuxVG-LinuxLV /testdir/
[root@localhost ~]# blkid /dev/mapper/LinuxVG-LinuxLV 
/dev/mapper/LinuxVG-LinuxLV: UUID="ea6e1061-eee1-4c27-981f-b5178cc9d6c4" TYPE="ext4"
[root@localhost ~]# pwd
/root
[root@localhost ~]# touch test{1..100}
[root@localhost ~]# ls
anaconda-ks.cfg       test13  test2   test26  test32  test39  test45  test51  test58  test64  test70  test77  test83  test9   test96
initial-setup-ks.cfg  test14  test20  test27  test33  test4   test46  test52  test59  test65  test71  test78  test84  test90  test97
test1                 test15  test21  test28  test34  test40  test47  test53  test6   test66  test72  test79  test85  test91  test98
test10                test16  test22  test29  test35  test41  test48  test54  test60  test67  test73  test8   test86  test92  test99
test100               test17  test23  test3   test36  test42  test49  test55  test61  test68  test74  test80  test87  test93
test11                test18  test24  test30  test37  test43  test5   test56  test62  test69  test75  test81  test88  test94
test12                test19  test25  test31  test38  test44  test50  test57  test63  test7   test76  test82  test89  test95
[root@localhost ~]# cal > cal.txt
[root@localhost ~]# ls
anaconda-ks.cfg       test12  test19  test25  test31  test38  test44  test50  test57  test63  test7   test76  test82  test89  test95
cal.txt               test13  test2   test26  test32  test39  test45  test51  test58  test64  test70  test77  test83  test9   test96
initial-setup-ks.cfg  test14  test20  test27  test33  test4   test46  test52  test59  test65  test71  test78  test84  test90  test97
test1                 test15  test21  test28  test34  test40  test47  test53  test6   test66  test72  test79  test85  test91  test98
test10                test16  test22  test29  test35  test41  test48  test54  test60  test67  test73  test8   test86  test92  test99
test100               test17  test23  test3   test36  test42  test49  test55  test61  test68  test74  test80  test87  test93
test11                test18  test24  test30  test37  test43  test5   test56  test62  test69  test75  test81  test88  test94
[root@localhost ~]# cat cal.txt 
     April 2024     
Su Mo Tu We Th Fr Sa
    1  2  3  4  5  6
 7  8  9 10 11 12 13
14 15 16 17 18 19 20
21 22 23 24 25 26 27
28 29 30            
                    
[root@localhost ~]# 
============================================


/testdir ---> data stored in ----> /dev/sdc1 [ not in LV ] --> 1st partition 

NAME                MAJ:MIN RM  SIZE RO TYPE MOUNTPOINT
sdb                   8:16   0    5G  0 disk 
sdc                   8:32   0   10G  0 disk 
├─sdc1                8:33   0    2G  0 part 
│ └─LinuxVG-LinuxLV 253:2    0    2G  0 lvm  /testdir
└─sdc2                8:34   0    3G  0 part 
sr0                  11:0    1 1024M  0 rom  
nvme0n1             259:0    0   30G  0 disk 
├─nvme0n1p1         259:1    0    1G  0 part /boot
└─nvme0n1p2         259:2    0   29G  0 part 
  ├─rhel-root       253:0    0   26G  0 lvm  /
  └─rhel-swap       253:1    0    3G  0 lvm  [SWAP]


directory ---> is just medium to access the file


Add new Partition to VG

+---------------------------------------------------------------------------------+
[root@localhost ~]# lsblk
NAME                MAJ:MIN RM  SIZE RO TYPE MOUNTPOINT
sdb                   8:16   0    5G  0 disk 
sdc                   8:32   0   10G  0 disk 
├─sdc1                8:33   0    2G  0 part 
│ └─LinuxVG-LinuxLV 253:2    0    2G  0 lvm  
└─sdc2                8:34   0    3G  0 part 
sr0                  11:0    1 1024M  0 rom  
nvme0n1             259:0    0   30G  0 disk 
├─nvme0n1p1         259:1    0    1G  0 part /boot
└─nvme0n1p2         259:2    0   29G  0 part 
  ├─rhel-root       253:0    0   26G  0 lvm  /
  └─rhel-swap       253:1    0    3G  0 lvm  [SWAP]
[root@localhost ~]# vgextend LinuxVG /dev/sdc2
  Physical volume "/dev/sdc2" successfully created.
  Volume group "LinuxVG" successfully extended

{ Note:- Don't add disk directly to the VG with vgextend  we need to create physical volume later we can add}

[root@localhost ~]# pvs
  PV             VG      Fmt  Attr PSize   PFree 
  /dev/nvme0n1p2 rhel    lvm2 a--  <29.00g     0 
  /dev/sdc1      LinuxVG lvm2 a--   <2.00g 44.00m
  /dev/sdc2      LinuxVG lvm2 a--   <3.00g <3.00g
[root@localhost ~]# vgs
  VG      #PV #LV #SN Attr   VSize   VFree 
  LinuxVG   2   1   0 wz--n-   4.99g <3.04g
  rhel      1   2   0 wz--n- <29.00g     0 
[root@localhost ~]# 

>  After extending LV It won't show the  size so we need  activate LV or resize2fs or xfs_grow [ based on FS format]


[root@localhost ~]# lvextend -L +2G /dev/LinuxVG/LinuxLV 
  Size of logical volume LinuxVG/LinuxLV changed from 1.95 GiB (500 extents) to 3.95 GiB (1012 extents).
  Logical volume LinuxVG/LinuxLV successfully resized.


[root@localhost ~]# df -hTP /testdir/
Filesystem                  Type  Size  Used Avail Use% Mounted on
/dev/mapper/LinuxVG-LinuxLV ext4  1.9G  5.9M  1.8G   1% /testdir
[root@localhost ~]#


oot@localhost ~]# resize2fs /dev/LinuxVG/LinuxLV 
resize2fs 1.44.3 (10-July-2018)
Filesystem at /dev/LinuxVG/LinuxLV is mounted on /testdir; on-line resizing required
old_desc_blocks = 1, new_desc_blocks = 1
The filesystem on /dev/LinuxVG/LinuxLV is now 1036288 (4k) blocks long.

[root@localhost ~]# df -hTP /testdir/
Filesystem                  Type  Size  Used Avail Use% Mounted on
/dev/mapper/LinuxVG-LinuxLV ext4  3.9G  7.9M  3.7G   1% /testdir
[root@localhost ~]# 


==========================================================================================================================


Comments:-

1. LVM package name  ---> lvm2

[root@localhost ~]# yum list lvm*
Updating Subscription Management repositories.
Unable to read consumer identity
This system is not registered to Red Hat Subscription Management. You can use subscription-manager to register.
Installed Packages
lvm2.x86_64                                                       8:2.03.02-6.el8                                                  @anaconda
lvm2-libs.x86_64                                                  8:2.03.02-6.el8                                                  @anaconda
[root@localhost ~]# 


2. Standard Parition

standard partition ---> physically we create ---> can't be extend, reduce, no snapshot feature for the disk

3. lvextend -r  ---> don't we need to run resize2fs ---> LVM extended but not reflected in df command we need to run resize2fs on that scenario [ext4] ---> better to go with resize2fs as it may leads data corruption. during disk reduce we use resize2fs likethat


4. disk partition refresh  

5. Thin Provisioning

6. LVM mirroring 

7. difference MiB      & MB
              [1000]     [1024]  -->1G


8. xfs is not reduce ----> need to check redhat developers

9. MBR ---->512MiB  size -
   GPT ---> 2^64 

10. Mount NTFS 

mount -t nfs [source] [mount_point]

11. difference b/w /dev/mapper/VGname-LVname & /dev/VGname/LVname

/dev ---> all devices entry

12. LVM striping

13. LVM raid

14. depends of disk performance and LV 

15. remove the LVM
+======================================================================+
a unmount the FS


[root@localhost ~]# umount /testdir 
[root@localhost ~]# lsblk
NAME                MAJ:MIN RM  SIZE RO TYPE MOUNTPOINT
sdb                   8:16   0    5G  0 disk 
sdc                   8:32   0   10G  0 disk 
├─sdc1                8:33   0    2G  0 part 
│ └─LinuxVG-LinuxLV 253:2    0    4G  0 lvm  
└─sdc2                8:34   0    3G  0 part 
  └─LinuxVG-LinuxLV 253:2    0    4G  0 lvm  
sr0                  11:0    1 1024M  0 rom  
nvme0n1             259:0    0   30G  0 disk 
├─nvme0n1p1         259:1    0    1G  0 part /boot
└─nvme0n1p2         259:2    0   29G  0 part 
  ├─rhel-root       253:0    0   26G  0 lvm  /
  └─rhel-swap       253:1    0    3G  0 lvm  [SWAP]

b. remove logical volume

[root@localhost ~]# lvremove  /dev/LinuxVG/LinuxLV 
Do you really want to remove active logical volume LinuxVG/LinuxLV? [y/n]: y
  Logical volume "LinuxLV" successfully removed
[root@localhost ~]# lvs
  LV   VG   Attr       LSize   Pool Origin Data%  Meta%  Move Log Cpy%Sync Convert
  root rhel -wi-ao---- <26.00g                                                    
  swap rhel -wi-ao----   3.00g     

c. remove volume group
                                               
[root@localhost ~]# vgremove LinuxVG 
  Volume group "LinuxVG" successfully removed
[root@localhost ~]# vgs
  VG   #PV #LV #SN Attr   VSize   VFree
  rhel   1   2   0 wz--n- <29.00g    0 
[root@localhost ~]# pvs
  PV             VG   Fmt  Attr PSize   PFree
  /dev/nvme0n1p2 rhel lvm2 a--  <29.00g    0 
  /dev/sdc1           lvm2 ---    2.00g 2.00g
  /dev/sdc2           lvm2 ---    3.00g 3.00g

d. remove physical volume

[root@localhost ~]# pvremove /dev/sdc
/dev/sdc1  /dev/sdc2  
[root@localhost ~]# pvremove /dev/sdc1 /dev/sdc2 
  Labels on physical volume "/dev/sdc1" successfully wiped.
  Labels on physical volume "/dev/sdc2" successfully wiped.
[root@localhost ~]# pvs
  PV             VG   Fmt  Attr PSize   PFree
  /dev/nvme0n1p2 rhel lvm2 a--  <29.00g    0 

e. remove partition

[root@localhost ~]# fdisk /dev/sdc

Welcome to fdisk (util-linux 2.32.1).
Changes will remain in memory only, until you decide to write them.
Be careful before using the write command.


Command (m for help): d
Partition number (1,2, default 2): 

Partition 2 has been deleted.

Command (m for help): d
Selected partition 1
Partition 1 has been deleted.

Command (m for help): w
The partition table has been altered.
Calling ioctl() to re-read partition table.
Syncing disks.

[root@localhost ~]# partprobe 
[root@localhost ~]# lsblk
NAME          MAJ:MIN RM  SIZE RO TYPE MOUNTPOINT
sdb             8:16   0    5G  0 disk 
sdc             8:32   0   10G  0 disk 
sr0            11:0    1 1024M  0 rom  
nvme0n1       259:0    0   30G  0 disk 
├─nvme0n1p1   259:1    0    1G  0 part /boot
└─nvme0n1p2   259:2    0   29G  0 part 
  ├─rhel-root 253:0    0   26G  0 lvm  /
  └─rhel-swap 253:1    0    3G  0 lvm  [SWAP]
[root@localhost ~]#


16. Conatiners ---> upcoming
============================================================================================================================ 





